// Vitest Snapshot v1, https://vitest.dev/guide/snapshot.html

exports[`unpdf > extracts metadata from a PDF 1`] = `
{
  "Author": "Evangelos Vlachogiannis",
  "CreationDate": "D:20070223175637+02'00'",
  "Creator": "Writer",
  "EncryptFilterName": null,
  "IsAcroFormPresent": false,
  "IsCollectionPresent": false,
  "IsLinearized": false,
  "IsSignaturesPresent": false,
  "IsXFAPresent": false,
  "Language": null,
  "PDFFormatVersion": "1.4",
  "Producer": "OpenOffice.org 2.1",
}
`;

exports[`unpdf > provides the PDF.js module 1`] = `"3.10.111"`;
